============================================================
  Generated by:           Genus(TM) Synthesis Solution 20.11-s111_1
  Generated on:           Nov 13 2025  04:28:33 pm
  Module:                 top
  Operating conditions:   _nominal_ (balanced_tree)
  Wireload mode:          enclosed
  Area mode:              timing library
============================================================


Path 1: MET (1 ps) Setup Check with Pin receiver_inst_crc_calc_reg[15]/CLK->D
          Group: clk
     Startpoint: (R) sender_inst_ciphertext_valid_reg/CLK
          Clock: (R) clk
       Endpoint: (R) receiver_inst_crc_calc_reg[15]/D
          Clock: (R) clk

                     Capture       Launch     
        Clock Edge:+    1050            0     
       Src Latency:+       0            0     
       Net Latency:+       0 (I)        0 (I) 
           Arrival:=    1050            0     
                                              
             Setup:-      66                  
       Uncertainty:-     200                  
     Required Time:=     784                  
      Launch Clock:-       0                  
         Data Path:-     783                  
             Slack:=       1                  

#---------------------------------------------------------------------------------------------------------------
#            Timing Point              Flags    Arc    Edge   Cell     Fanout Load Trans Delay Arrival Instance 
#                                                                             (fF)  (ps)  (ps)   (ps)  Location 
#---------------------------------------------------------------------------------------------------------------
  sender_inst_ciphertext_valid_reg/CLK -       -       R     (arrival)    728    -   250     0       0    (-,-) 
  sender_inst_ciphertext_valid_reg/Q   -       CLK->Q  F     DFFARX1        9 21.7    84   255     255    (-,-) 
  g17696__9945/QN                      -       IN3->QN R     NAND3X0        2  6.2    86    58     314    (-,-) 
  g17486__8428/Q                       -       IN3->Q  F     XNOR3X1        4 12.1    79   109     423    (-,-) 
  g17474/ZN                            -       INP->ZN R     INVX1          2  4.6    42    25     447    (-,-) 
  g17440__4319/QN                      -       IN1->QN F     NAND2X1        1  5.3    47    32     479    (-,-) 
  g17417__5477/QN                      -       IN2->QN R     NAND2X2        2 10.1    47    32     511    (-,-) 
  g17408/ZN                            -       INP->ZN F     INVX2          1  2.8    21    16     527    (-,-) 
  g17396__5115/QN                      -       IN1->QN R     NAND2X1        1  5.6    60    26     553    (-,-) 
  g17388__1617/QN                      -       IN2->QN F     NAND2X2        2  7.2    38    27     580    (-,-) 
  g17374__5477/Q                       -       IN1->Q  F     XOR2X1         2  5.3    43    72     652    (-,-) 
  g17935/Q                             -       IN1->Q  F     OR2X1          2  5.3    33    55     708    (-,-) 
  g17362__6161/QN                      -       IN1->QN R     NAND2X1        1  2.8    43    23     731    (-,-) 
  g17329__5115/QN                      -       IN1->QN F     NAND2X1        1  2.5    36    26     757    (-,-) 
  g17312__7098/QN                      -       IN1->QN R     NAND3X0        1  1.5    52    26     783    (-,-) 
  receiver_inst_crc_calc_reg[15]/D     <<<     -       R     DFFARX1        1    -     -     0     783    (-,-) 
#---------------------------------------------------------------------------------------------------------------

